===== RottenApple run: 2026-09-11 22:18:14 =====
[RottenApple] Looking for Lunar Client (1.8.9)...
[RottenApple] candidate JVM(s):
  [1] 6473 com.moonsworth.lunar.genesis.Genesis --version 1.8.9 --launcherVersion 3.7.17-ow --launcherFeatureFlags {"enabled":["ServersCTA","SocialMessaging","LunarOAuthApp","SelectModpack","EmbeddedBrowserOpens","ExternalLink
[RottenApple] using pid 6473
[RottenApple] target: /Users/macintosh/.lunarclient/jre/5f250fb4cc79aea565a238c6cc374182dbce30ba/zulu17.64.17-ca-jre17.0.18-macosx_aarch64/zulu-17.jre/Contents/Home/bin/java --add-modules jdk.naming.dns --add-exports jdk.naming.dns/com.sun.jn
[RottenApple] target runs with -XX:+DisableAttachMechanism: dynamic attach is
      impossible by design. Skipping retries, jumping to the fallback.
[RottenApple] arch: machine=arm64 launcher-jvm=aarch64 target-jvm=aarch64
[RottenApple] Injecting (retries up to 0s; works at any stage)...
[RottenApple] Could not attach (last exit 3).
Collect debug logs to share? [Y/n]: Copy logs to clipboard for pasting? [Y/n]: [RottenApple] logs copied — paste them anywhere.

[RottenApple] WARNING: Lunar blocks dynamic attach (-XX:+DisableAttachMechanism),
      so injecting into a running game is impossible. Lunar supports JVM
      arguments (like other macOS clients use) — inject that way instead:

  1) In the Lunar launcher, open Settings and find the JVM / Java arguments field.
  2) Add exactly this as one argument:

       -javaagent:/Users/macintosh/Documents/dev/RottenApple/dist/RottenApple/RottenApple-Agent.jar

Copy this argument to clipboard? [Y/n]: [RottenApple] argument copied — paste it into Lunar's JVM arguments field.
  3) Launch Lunar 1.8.9 normally (menu, singleplayer, or server).
     The RottenApple menu appears automatically; no need to run ./launch.sh afterwards.
===== RottenApple run: 2026-09-11 22:20:35 =====
[RottenApple] Looking for Lunar Client (1.8.9)...
[RottenApple] candidate JVM(s):
  [1] 10915 com.moonsworth.lunar.genesis.Genesis --version 1.8.9 --launcherVersion 3.7.17-ow --launcherFeatureFlags {"enabled":["ServersCTA","SocialMessaging","LunarOAuthApp","SelectModpack","EmbeddedBrowserOpens","ExternalLin
[RottenApple] using pid 10915
[RottenApple] target: /Users/macintosh/.lunarclient/jre/5f250fb4cc79aea565a238c6cc374182dbce30ba/zulu17.64.17-ca-jre17.0.18-macosx_aarch64/zulu-17.jre/Contents/Home/bin/java --add-modules jdk.naming.dns --add-exports jdk.naming.dns/com.sun.jn
[RottenApple] target runs with -XX:+DisableAttachMechanism: dynamic attach is
      impossible by design. Skipping retries, jumping to the fallback.
[RottenApple] arch: machine=arm64 launcher-jvm=aarch64 target-jvm=aarch64
[RottenApple] Injecting (retries up to 0s; works at any stage)...
[RottenApple] Could not attach (last exit 3).
Collect debug logs to share? [Y/n]: Copy logs to clipboard for pasting? [Y/n]: [RottenApple] logs copied — paste them anywhere.

[RottenApple] WARNING: Lunar blocks dynamic attach (-XX:+DisableAttachMechanism),
      so injecting into a running game is impossible. Lunar supports JVM
      arguments (like other macOS clients use) — inject that way instead:

  1) In the Lunar launcher, open Settings and find the JVM / Java arguments field.
  2) Add exactly this as one argument:

       -javaagent:/Users/macintosh/Documents/dev/RottenApple/dist/RottenApple/RottenApple-Agent.jar

Copy this argument to clipboard? [Y/n]:   3) Launch Lunar 1.8.9 normally (menu, singleplayer, or server).
     The RottenApple menu appears automatically; no need to run ./launch.sh afterwards.
===== RottenApple run: 2026-09-11 22:21:36 =====
[RottenApple] Looking for Lunar Client (1.8.9)...
[RottenApple] candidate JVM(s):
  [1] 10915 com.moonsworth.lunar.genesis.Genesis --version 1.8.9 --launcherVersion 3.7.17-ow --launcherFeatureFlags {"enabled":["ServersCTA","SocialMessaging","LunarOAuthApp","SelectModpack","EmbeddedBrowserOpens","ExternalLin
[RottenApple] using pid 10915
[RottenApple] target: /Users/macintosh/.lunarclient/jre/5f250fb4cc79aea565a238c6cc374182dbce30ba/zulu17.64.17-ca-jre17.0.18-macosx_aarch64/zulu-17.jre/Contents/Home/bin/java --add-modules jdk.naming.dns --add-exports jdk.naming.dns/com.sun.jn
[RottenApple] target runs with -XX:+DisableAttachMechanism: dynamic attach is
      impossible by design. Skipping retries, jumping to the fallback.
[RottenApple] arch: machine=arm64 launcher-jvm=aarch64 target-jvm=aarch64
[RottenApple] Injecting (retries up to 0s; works at any stage)...
[RottenApple] Could not attach (last exit 3).
Collect debug logs to share? [Y/n]: 
[RottenApple] WARNING: Lunar blocks dynamic attach (-XX:+DisableAttachMechanism),
      so injecting into a running game is impossible. Lunar supports JVM
      arguments (like other macOS clients use) — inject that way instead:

  1) In the Lunar launcher, open Settings and find the JVM / Java arguments field.
  2) Add exactly this as one argument:

       -javaagent:/Users/macintosh/Documents/dev/RottenApple/dist/RottenApple/RottenApple-Agent.jar

Copy this argument to clipboard? [Y/n]: [RottenApple] argument copied — paste it into Lunar's JVM arguments field.
  3) Launch Lunar 1.8.9 normally (menu, singleplayer, or server).
     The RottenApple menu appears automatically; no need to run ./launch.sh afterwards.
===== RottenApple run: 2026-09-11 22:43:13 =====
[RottenApple] Looking for Lunar Client (1.8.9)...
[RottenApple] candidate JVM(s):
  [1] 11324 com.moonsworth.lunar.genesis.Genesis --version 1.8.9 --launcherVersion 3.7.17-ow --launcherFeatureFlags {"enabled":["ServersCTA","SocialMessaging","LunarOAuthApp","SelectModpack","EmbeddedBrowserOpens","ExternalLin
[RottenApple] using pid 11324
[RottenApple] target: /Users/macintosh/.lunarclient/jre/5f250fb4cc79aea565a238c6cc374182dbce30ba/zulu17.64.17-ca-jre17.0.18-macosx_aarch64/zulu-17.jre/Contents/Home/bin/java --add-modules jdk.naming.dns --add-exports jdk.naming.dns/com.sun.jn
[RottenApple] RottenApple agent is already in this JVM's arguments — nothing to inject.
[RottenApple] Launch/stay in Lunar 1.8.9 and press INSERT (Fn+Return on MacBooks).
===== RottenApple run: 2026-09-11 22:44:16 =====
[RottenApple] Looking for Lunar Client (1.8.9)...
[RottenApple] candidate JVM(s):
  [1] 11475 com.moonsworth.lunar.genesis.Genesis --version 1.8.9 --launcherVersion 3.7.17-ow --launcherFeatureFlags {"enabled":["ServersCTA","SocialMessaging","LunarOAuthApp","SelectModpack","EmbeddedBrowserOpens","ExternalLin
[RottenApple] using pid 11475
[RottenApple] target: /Users/macintosh/.lunarclient/jre/5f250fb4cc79aea565a238c6cc374182dbce30ba/zulu17.64.17-ca-jre17.0.18-macosx_aarch64/zulu-17.jre/Contents/Home/bin/java --add-modules jdk.naming.dns --add-exports jdk.naming.dns/com.sun.jn
[RottenApple] RottenApple agent is already in this JVM's arguments — nothing to inject.
[RottenApple] Launch/stay in Lunar 1.8.9 and press INSERT (Fn+Return on MacBooks).
===== RottenApple run: 2026-09-11 22:48:30 =====
[RottenApple] Looking for Lunar Client (1.8.9)...
[RottenApple] candidate JVM(s):
  [1] 11620 com.moonsworth.lunar.genesis.Genesis --version 1.8.9 --launcherVersion 3.7.17-ow --launcherFeatureFlags {"enabled":["ServersCTA","SocialMessaging","LunarOAuthApp","SelectModpack","EmbeddedBrowserOpens","ExternalLin
[RottenApple] using pid 11620
[RottenApple] target: /Users/macintosh/.lunarclient/jre/5f250fb4cc79aea565a238c6cc374182dbce30ba/zulu17.64.17-ca-jre17.0.18-macosx_aarch64/zulu-17.jre/Contents/Home/bin/java --add-modules jdk.naming.dns --add-exports jdk.naming.dns/com.sun.jn
[RottenApple] RottenApple agent is already in this JVM's arguments — nothing to inject.
[RottenApple] Launch/stay in Lunar 1.8.9 and press P or INSERT (Fn+Return on MacBooks).
===== RottenApple run: 2026-09-11 22:50:26 =====
[RottenApple] Looking for Lunar Client (1.8.9)...
[RottenApple] candidate JVM(s):
  [1] 11620 com.moonsworth.lunar.genesis.Genesis --version 1.8.9 --launcherVersion 3.7.17-ow --launcherFeatureFlags {"enabled":["ServersCTA","SocialMessaging","LunarOAuthApp","SelectModpack","EmbeddedBrowserOpens","ExternalLin
[RottenApple] using pid 11620
[RottenApple] target: /Users/macintosh/.lunarclient/jre/5f250fb4cc79aea565a238c6cc374182dbce30ba/zulu17.64.17-ca-jre17.0.18-macosx_aarch64/zulu-17.jre/Contents/Home/bin/java --add-modules jdk.naming.dns --add-exports jdk.naming.dns/com.sun.jn
[RottenApple] RottenApple agent is in this JVM's startup flags (arg 33, main class 36) — nothing to inject.
[RottenApple] Launch/stay in Lunar 1.8.9 and press P or INSERT (Fn+Return on MacBooks).
===== RottenApple run: 2026-09-11 22:59:26 =====
[RottenApple] Looking for Lunar Client (1.8.9)...
[RottenApple] candidate JVM(s):
  [1] 12210 com.moonsworth.lunar.genesis.Genesis --version 1.8.9 --launcherVersion 3.7.17-ow --launcherFeatureFlags {"enabled":["ServersCTA","SocialMessaging","LunarOAuthApp","SelectModpack","EmbeddedBrowserOpens","ExternalLin
[RottenApple] using pid 12210
[RottenApple] target: /Users/macintosh/.lunarclient/jre/5f250fb4cc79aea565a238c6cc374182dbce30ba/zulu17.64.17-ca-jre17.0.18-macosx_aarch64/zulu-17.jre/Contents/Home/bin/java --add-modules jdk.naming.dns --add-exports jdk.naming.dns/com.sun.jn
[RottenApple] RottenApple agent is in this JVM's startup flags (arg 33, main class 36) — nothing to inject.
[RottenApple] Launch/stay in Lunar 1.8.9 and press P or INSERT (Fn+Return on MacBooks).
===== RottenApple run: 2026-09-11 23:30:28 =====
[RottenApple] Looking for Lunar Client (1.8.9)...
[RottenApple] candidate JVM(s):
  [1] 13686 com.moonsworth.lunar.genesis.Genesis --version 1.8.9 --launcherVersion 3.7.17-ow --launcherFeatureFlags {"enabled":["ServersCTA","SocialMessaging","LunarOAuthApp","SelectModpack","EmbeddedBrowserOpens","ExternalLin
[RottenApple] using pid 13686
[RottenApple] target: /Users/macintosh/.lunarclient/jre/5f250fb4cc79aea565a238c6cc374182dbce30ba/zulu17.64.17-ca-jre17.0.18-macosx_aarch64/zulu-17.jre/Contents/Home/bin/java --add-modules jdk.naming.dns --add-exports jdk.naming.dns/com.sun.jn
[RottenApple] RottenApple agent is in this JVM's startup flags (arg 33, main class 36) — nothing to inject.
[RottenApple] Launch/stay in Lunar 1.8.9 and press P or INSERT (Fn+Return on MacBooks).
